Using pre-set license
Built from '2022.3/staging' branch; Version is '2022.3.32f1 (c8300dc0a3fa) revision 13119501'; Using compiler version '192829333'; Build Type 'Release'
OS: 'Windows 10  (10.0.19045) 64bit Core' Language: 'fr' Physical Memory: 32609 MB
BatchMode: 1, IsHumanControllingUs: 0, StartBugReporterOnCrash: 0, Is64bit: 1, IsPro: 1

COMMAND LINE ARGUMENTS:
A:\Unity\2022.3.32f1\Editor\Unity.exe
-adb2
-batchMode
-noUpm
-name
AssetImportWorker0
-projectPath
A:/GitHub/Unity_Shader/Unity_shaders
-logFile
Logs/AssetImportWorker0.log
-srvPort
61619
Successfully changed project path to: A:/GitHub/Unity_Shader/Unity_shaders
A:/GitHub/Unity_Shader/Unity_shaders
[UnityMemory] Configuration Parameters - Can be set up in boot.config
    "memorysetup-bucket-allocator-granularity=16"
    "memorysetup-bucket-allocator-bucket-count=8"
    "memorysetup-bucket-allocator-block-size=33554432"
    "memorysetup-bucket-allocator-block-count=8"
    "memorysetup-main-allocator-block-size=16777216"
    "memorysetup-thread-allocator-block-size=16777216"
    "memorysetup-gfx-main-allocator-block-size=16777216"
    "memorysetup-gfx-thread-allocator-block-size=16777216"
    "memorysetup-cache-allocator-block-size=4194304"
    "memorysetup-typetree-allocator-block-size=2097152"
    "memorysetup-profiler-bucket-allocator-granularity=16"
    "memorysetup-profiler-bucket-allocator-bucket-count=8"
    "memorysetup-profiler-bucket-allocator-block-size=33554432"
    "memorysetup-profiler-bucket-allocator-block-count=8"
    "memorysetup-profiler-allocator-block-size=16777216"
    "memorysetup-profiler-editor-allocator-block-size=1048576"
    "memorysetup-temp-allocator-size-main=16777216"
    "memorysetup-job-temp-allocator-block-size=2097152"
    "memorysetup-job-temp-allocator-block-size-background=1048576"
    "memorysetup-job-temp-allocator-reduction-small-platforms=262144"
    "memorysetup-allocator-temp-initial-block-size-main=262144"
    "memorysetup-allocator-temp-initial-block-size-worker=262144"
    "memorysetup-temp-allocator-size-background-worker=32768"
    "memorysetup-temp-allocator-size-job-worker=262144"
    "memorysetup-temp-allocator-size-preload-manager=33554432"
    "memorysetup-temp-allocator-size-nav-mesh-worker=65536"
    "memorysetup-temp-allocator-size-audio-worker=65536"
    "memorysetup-temp-allocator-size-cloud-worker=32768"
    "memorysetup-temp-allocator-size-gi-baking-worker=262144"
    "memorysetup-temp-allocator-size-gfx=262144"
Player connection [19968] Host "[IP] 192.168.1.11 [Port] 0 [Flags] 2 [Guid] 3485425115 [EditorId] 3485425115 [Version] 1048832 [Id] WindowsEditor(7,DESKTOP-SFEF66B) [Debug] 1 [PackageName] WindowsEditor [ProjectName] Editor" joined multi-casting on [225.0.0.222:54997]...

Player connection [19968] Host "[IP] 192.168.1.11 [Port] 0 [Flags] 2 [Guid] 3485425115 [EditorId] 3485425115 [Version] 1048832 [Id] WindowsEditor(7,DESKTOP-SFEF66B) [Debug] 1 [PackageName] WindowsEditor [ProjectName] Editor" joined alternative multi-casting on [225.0.0.222:34997]...

[PhysX] Initialized MultithreadedTaskDispatcher with 16 workers.
Refreshing native plugins compatible for Editor in 11.54 ms, found 3 plugins.
Preloading 0 native plugins for Editor in 0.00 ms.
Initialize engine version: 2022.3.32f1 (c8300dc0a3fa)
[Subsystems] Discovering subsystems at path A:/Unity/2022.3.32f1/Editor/Data/Resources/UnitySubsystems
[Subsystems] Discovering subsystems at path A:/GitHub/Unity_Shader/Unity_shaders/Assets
GfxDevice: creating device client; threaded=0; jobified=0
Direct3D:
    Version:  Direct3D 11.0 [level 11.1]
    Renderer: NVIDIA GeForce GTX 1060 6GB (ID=0x1b83)
    Vendor:   NVIDIA
    VRAM:     6029 MB
    Driver:   32.0.15.6614
Initialize mono
Mono path[0] = 'A:/Unity/2022.3.32f1/Editor/Data/Managed'
Mono path[1] = 'A:/Unity/2022.3.32f1/Editor/Data/MonoBleedingEdge/lib/mono/unityjit-win32'
Mono config path = 'A:/Unity/2022.3.32f1/Editor/Data/MonoBleedingEdge/etc'
Using monoOptions --debugger-agent=transport=dt_socket,embedding=1,server=y,suspend=n,address=127.0.0.1:56892
Begin MonoManager ReloadAssembly
Registering precompiled unity dll's ...
Register platform support module: A:/Unity/2022.3.32f1/Editor/Data/PlaybackEngines/WindowsStandaloneSupport/UnityEditor.WindowsStandalone.Extensions.dll
Registered in 0.004585 seconds.
- Loaded All Assemblies, in  0.393 seconds
Native extension for WindowsStandalone target not found
Mono: successfully reloaded assembly
- Finished resetting the current domain, in  0.346 seconds
Domain Reload Profiling: 739ms
	BeginReloadAssembly (120ms)
		ExecutionOrderSort (0ms)
		DisableScriptedObjects (0ms)
		BackupInstance (0ms)
		ReleaseScriptingObjects (0ms)
		CreateAndSetChildDomain (1ms)
	RebuildCommonClasses (41ms)
	RebuildNativeTypeToScriptingClass (13ms)
	initialDomainReloadingComplete (58ms)
	LoadAllAssembliesAndSetupDomain (159ms)
		LoadAssemblies (121ms)
		RebuildTransferFunctionScriptingTraits (0ms)
		AnalyzeDomain (156ms)
			TypeCache.Refresh (155ms)
				TypeCache.ScanAssembly (139ms)
			ScanForSourceGeneratedMonoScriptInfo (0ms)
			ResolveRequiredComponents (1ms)
	FinalizeReload (347ms)
		ReleaseScriptCaches (0ms)
		RebuildScriptCaches (0ms)
		SetupLoadedEditorAssemblies (271ms)
			LogAssemblyErrors (0ms)
			InitializePlatformSupportModulesInManaged (10ms)
			SetLoadedEditorAssemblies (11ms)
			RefreshPlugins (0ms)
			BeforeProcessingInitializeOnLoad (3ms)
			ProcessInitializeOnLoadAttributes (189ms)
			ProcessInitializeOnLoadMethodAttributes (58ms)
			AfterProcessingInitializeOnLoad (0ms)
			EditorAssembliesLoaded (0ms)
		ExecutionOrderSort2 (0ms)
		AwakeInstancesAfterBackupRestoration (0ms)
========================================================================
Worker process is ready to serve import requests
Begin MonoManager ReloadAssembly
- Loaded All Assemblies, in  0.783 seconds
Refreshing native plugins compatible for Editor in 4.68 ms, found 3 plugins.
Native extension for WindowsStandalone target not found
Package Manager log level set to [2]
[Package Manager] Server::EnsureServerProcessIsRunning -- launch failed, reason: Unity was launched with the -noUpm command-line argument
[Package Manager] UpmClient::Send -- Unable to send message (not connected to UPM process).
[Package Manager] Cannot connect to Unity Package Manager local server
Mono: successfully reloaded assembly
- Finished resetting the current domain, in  0.932 seconds
Domain Reload Profiling: 1714ms
	BeginReloadAssembly (168ms)
		ExecutionOrderSort (0ms)
		DisableScriptedObjects (7ms)
		BackupInstance (0ms)
		ReleaseScriptingObjects (0ms)
		CreateAndSetChildDomain (21ms)
	RebuildCommonClasses (38ms)
	RebuildNativeTypeToScriptingClass (13ms)
	initialDomainReloadingComplete (46ms)
	LoadAllAssembliesAndSetupDomain (517ms)
		LoadAssemblies (398ms)
		RebuildTransferFunctionScriptingTraits (0ms)
		AnalyzeDomain (219ms)
			TypeCache.Refresh (181ms)
				TypeCache.ScanAssembly (164ms)
			ScanForSourceGeneratedMonoScriptInfo (25ms)
			ResolveRequiredComponents (13ms)
	FinalizeReload (933ms)
		ReleaseScriptCaches (0ms)
		RebuildScriptCaches (0ms)
		SetupLoadedEditorAssemblies (768ms)
			LogAssemblyErrors (0ms)
			InitializePlatformSupportModulesInManaged (6ms)
			SetLoadedEditorAssemblies (5ms)
			RefreshPlugins (0ms)
			BeforeProcessingInitializeOnLoad (128ms)
			ProcessInitializeOnLoadAttributes (523ms)
			ProcessInitializeOnLoadMethodAttributes (103ms)
			AfterProcessingInitializeOnLoad (3ms)
			EditorAssembliesLoaded (0ms)
		ExecutionOrderSort2 (0ms)
		AwakeInstancesAfterBackupRestoration (7ms)
Failed to load shader (instanceID 11246, GUID 8516d7a69675844a7a0b7095af7c46af)
Failed to load shader (instanceID 11248, GUID c8b6a681c7b4e2e4785ffab093907f9e)
Failed to load shader (instanceID 11250, GUID 0f4122b9a743b744abe2fb6a0a88868b)
Failed to load shader (instanceID 11252, GUID d5a307c014552314b9f560906d708772)
Failed to load shader (instanceID 11254, GUID 0a7e590f3cf1d4ee8a8fab5b6eff09ef)
Failed to load shader (instanceID 11256, GUID 21322c8b137c66e49b86085d3c8161f6)
Failed to load shader (instanceID 11146, GUID d6dae50ee9e1bfa4db75f19f99355220)
Failed to load shader (instanceID 11258, GUID 573620ae32aec764abd4d728906d2587)
Failed to load shader (instanceID 11148, GUID 65df88701913c224d95fc554db28381a)
Failed to load shader (instanceID 11260, GUID 650dd9526735d5b46b79224bc6e94025)
Failed to load shader (instanceID 11262, GUID 2aed67ad60045d54ba3a00c91e2d2631)
Failed to load shader (instanceID 11264, GUID 74b1585886a85614aa34e2c8e303c77a)
Failed to load shader (instanceID 11266, GUID 1121bb4e615ca3c48b214e79e841e823)
Failed to load shader (instanceID 11150, GUID 04c410c9937594faa893a11dceb85f7e)
Failed to load shader (instanceID 11268, GUID a16365e8c873daa4c94919438490b905)
Failed to load shader (instanceID 11270, GUID e9155b26e1bc55942a41e518703fe304)
Failed to load shader (instanceID 11272, GUID 5caf62d8bd7c44596ace77ef9eb8ea31)
Failed to load shader (instanceID 11274, GUID f6783ab646d374f94b199774402a5144)
Failed to load shader (instanceID 11276, GUID 9c442dc870b456e48b615cd8add0e9ef)
Failed to load shader (instanceID 11278, GUID 77cfa04f893eb8745b6a454a3d51b43c)
Failed to load shader (instanceID 11280, GUID 8d2bb70cbf9db8d4da26e15b26e74248)
Failed to load shader (instanceID 11282, GUID 0d0f817524897904ba47a6a1d55e7668)
Failed to load shader (instanceID 11284, GUID e6e9a19c3678ded42a3bc431ebef7dbd)
Failed to load shader (instanceID 11286, GUID d104b2fc1ca6445babb8e90b0758136b)
Shader 'Universal Render Pipeline/Terrain/Lit': fallback shader 'Hidden/Universal Render Pipeline/FallbackError' not found
Shader 'Universal Render Pipeline/Terrain/Lit': dependency 'AddPassShader' shader 'Hidden/Universal Render Pipeline/Terrain/Lit (Add Pass)' not found
Shader 'Universal Render Pipeline/Terrain/Lit': dependency 'BaseMapShader' shader 'Hidden/Universal Render Pipeline/Terrain/Lit (Base Pass)' not found
Failed to load shader (instanceID 11288, GUID ee7e4c9a5f6364b688a332c67fc32cca)
Failed to load shader (instanceID 11290, GUID de02b375720b5c445afe83cd483bedf3)
Failed to load shader (instanceID 11292, GUID 93446b5c5339d4f00b85c159e1159b7c)
Failed to load shader (instanceID 11294, GUID 5fd9a8feb75a4b5894c241777f519d4e)
Failed to load shader (instanceID 11296, GUID da07703fcc09f8d4799221050659bd55)
Failed to load shader (instanceID 11298, GUID e8b802ac01d87144b91f12f40c1f2659)
Failed to load shader (instanceID 11300, GUID 2df96b66b5510f94b98df2ac6f926ef4)
Failed to load shader (instanceID 11302, GUID 61e53729ad706d049b12a441f328fe34)
Failed to load shader (instanceID 11304, GUID 36e335017ad71d54fbb10842863188ae)
Failed to load shader (instanceID 11306, GUID 29868e73b638e48ca99a19ea58c48d90)
Failed to load shader (instanceID 11308, GUID 6cda457ac28612740adb23da5d39ea92)
Failed to load shader (instanceID 11310, GUID ce09d4a80b88c5a4eb9768fab4f1ee00)
Failed to load shader (instanceID 11312, GUID 13c02b14c4d048fa9653293d54f6e0e1)
Failed to load shader (instanceID 11314, GUID 0ca6dca7396eb48e5849247ffd444914)
Shader 'Universal Render Pipeline/Particles/Lit': fallback shader 'Universal Render Pipeline/Particles/Simple Lit' not found
Failed to load shader (instanceID 11316, GUID cf852408f2e174538bcd9b7fda1c5ae7)
Failed to load shader (instanceID 11318, GUID f056d8bd2a1c7e44e9729144b4c70395)
Failed to load shader (instanceID 11320, GUID e260cfa7296ee7642b167f1eb5be5023)
Failed to load shader (instanceID 11322, GUID 0406db5a14f94604a8c57ccfbc9f3b46)
Failed to load shader (instanceID 11324, GUID 95e15a77195eb574ab82aaac18b1c796)
Failed to load shader (instanceID 11326, GUID 0849e84e3d62649e8882e9d6f056a017)
Failed to load shader (instanceID 11328, GUID 77774d9009bb81447b048c907d4c6273)
Shader 'Universal Render Pipeline/Nature/SpeedTree8': fallback shader 'Hidden/Universal Render Pipeline/FallbackError' not found
Failed to load shader (instanceID 11330, GUID 5ec81c81908db34429b4f6ddecadd3bd)
Failed to load shader (instanceID 11332, GUID 7f888aff2ac86494babad1c2c5daeee2)
Failed to load shader (instanceID 11334, GUID 63eaba0ebfb82cc43bde059b4a8c65f6)
Failed to load shader (instanceID 11336, GUID 60e10855641b4d84da68ec72e6f6eeb8)
Failed to load shader (instanceID 11144, GUID c17132b1f77d20942aa75f8429c0f8bc)
Failed to load shader (instanceID 11338, GUID c49e63ed1bbcb334780a3bd19dfed403)
Failed to load shader (instanceID 11340, GUID a89bee29cffa951418fc1e2da94d1959)
Failed to load shader (instanceID 11342, GUID 933532a4fcc9baf4fa0491de14d08ed7)
Failed to load shader (instanceID 11344, GUID e507fdfead5ca47e8b9a768b51c291a1)
Failed to load shader (instanceID 11346, GUID 7b3ede40266cd49a395def176e1bc486)
Failed to load shader (instanceID 11152, GUID 0f854b35a0cf61a429bd5dcfea30eddd)
Shader 'Universal Render Pipeline/Particles/Lit': fallback shader 'Universal Render Pipeline/Particles/Simple Lit' not found
Shader 'Universal Render Pipeline/Nature/SpeedTree8': fallback shader 'Hidden/Universal Render Pipeline/FallbackError' not found
Shader 'Universal Render Pipeline/Terrain/Lit': fallback shader 'Hidden/Universal Render Pipeline/FallbackError' not found
Shader 'Universal Render Pipeline/Terrain/Lit': dependency 'AddPassShader' shader 'Hidden/Universal Render Pipeline/Terrain/Lit (Add Pass)' not found
Shader 'Universal Render Pipeline/Terrain/Lit': dependency 'BaseMapShader' shader 'Hidden/Universal Render Pipeline/Terrain/Lit (Base Pass)' not found
Launched and connected shader compiler UnityShaderCompiler.exe after 0.04 seconds
Refreshing native plugins compatible for Editor in 2.20 ms, found 3 plugins.
Preloading 0 native plugins for Editor in 0.00 ms.
Unloading 1452 Unused Serialized files (Serialized files now loaded: 0)
Unloading 46 unused Assets / (1.7 MB). Loaded Objects now: 1898.
Memory consumption went from 103.4 MB to 101.7 MB.
Total: 2.856800 ms (FindLiveObjects: 0.088300 ms CreateObjectMapping: 0.021100 ms MarkObjects: 2.262000 ms  DeleteObjects: 0.484500 ms)

AssetImportParameters requested are different than current active one (requested -> active):
  custom:container-demuxer-ogg: 62fdf1f143b41e24485cea50d1cbac27 -> 
  custom:video-decoder-ogg-theora: a1e56fd34408186e4bbccfd4996cb3dc -> 
  custom:framework-win-MediaFoundation: 216162199b28c13a410421893ffa2e32 -> 
  custom:CustomObjectIndexerAttribute: 72b91833f83ae208fae7752999fa3104 -> 
  custom:container-demuxer-webm: 4f35f7cbe854078d1ac9338744f61a02 -> 
  custom:container-muxer-webm: aa71ff27fc2769a1b78a27578f13a17b -> 
  custom:video-decoder-webm-vp8: 9c59270c3fd7afecdb556c50c9e8de78 -> 
  custom:SearchIndexIgnoredProperties: e643bd26f0fe6173181afceb89e7c659 -> 
  custom:AudioImporter_EditorPlatform: d09bf68614088b80899f8185d706f6e7 -> 
  custom:video-encoder-webm-vp8: eb34c28f22e8b96e1ab97ce403110664 -> 
  custom:audio-decoder-ogg-vorbis: bf7c407c2cedff20999df2af8eb42d56 -> 
  custom:audio-encoder-webm-vorbis: bf7c407c2cedff20999df2af8eb42d56 -> 
========================================================================
Received Import Request.
  Time since last request: 153112.736439 seconds.
  path: Assets/UniversalRenderPipelineGlobalSettings.asset
  artifactKey: Guid(18dc0cd2c080841dea60987a38ce93fa) Importer(815301076,1909f56bfc062723c751e8b465ee728b)
Start importing Assets/UniversalRenderPipelineGlobalSettings.asset using Guid(18dc0cd2c080841dea60987a38ce93fa) Importer(815301076,1909f56bfc062723c751e8b465ee728b) [PhysX] Initialized MultithreadedTaskDispatcher with 16 workers.
 -> (artifact id: '64832a71007e8cbd78af19478459c8f3') in 0.009722 seconds
Number of updated asset objects reloaded before import = 0
Number of asset objects unloaded after import = 1
========================================================================
Received Import Request.
  Time since last request: 0.000020 seconds.
  path: Assets/Readme.asset
  artifactKey: Guid(8105016687592461f977c054a80ce2f2) Importer(815301076,1909f56bfc062723c751e8b465ee728b)
Start importing Assets/Readme.asset using Guid(8105016687592461f977c054a80ce2f2) Importer(815301076,1909f56bfc062723c751e8b465ee728b) [PhysX] Initialized MultithreadedTaskDispatcher with 16 workers.
 -> (artifact id: '8ecf7a57f1a33bb156c6e4bacf2d9a3e') in 0.002516 seconds
Number of updated asset objects reloaded before import = 0
Number of asset objects unloaded after import = 2
========================================================================
Received Import Request.
  Time since last request: 1052.735982 seconds.
  path: Assets/Settings/SampleSceneProfile.asset
  artifactKey: Guid(a6560a915ef98420e9faacc1c7438823) Importer(815301076,1909f56bfc062723c751e8b465ee728b)
Start importing Assets/Settings/SampleSceneProfile.asset using Guid(a6560a915ef98420e9faacc1c7438823) Importer(815301076,1909f56bfc062723c751e8b465ee728b) [PhysX] Initialized MultithreadedTaskDispatcher with 16 workers.
 -> (artifact id: '6d6698116180413e6a23cb77a2ddd5b9') in 0.001474 seconds
Number of updated asset objects reloaded before import = 0
Number of asset objects unloaded after import = 1
========================================================================
Received Import Request.
  Time since last request: 0.015564 seconds.
  path: Assets/Settings/URP-HighFidelity-Renderer.asset
  artifactKey: Guid(c40be3174f62c4acf8c1216858c64956) Importer(815301076,1909f56bfc062723c751e8b465ee728b)
Start importing Assets/Settings/URP-HighFidelity-Renderer.asset using Guid(c40be3174f62c4acf8c1216858c64956) Importer(815301076,1909f56bfc062723c751e8b465ee728b) [PhysX] Initialized MultithreadedTaskDispatcher with 16 workers.
 -> (artifact id: '4620fb0a10c1c42944d19947d30b491e') in 0.004879 seconds
Number of updated asset objects reloaded before import = 0
Number of asset objects unloaded after import = 2
========================================================================
Received Import Request.
  Time since last request: 0.000017 seconds.
  path: Assets/Settings/URP-Balanced-Renderer.asset
  artifactKey: Guid(e634585d5c4544dd297acaee93dc2beb) Importer(815301076,1909f56bfc062723c751e8b465ee728b)
Start importing Assets/Settings/URP-Balanced-Renderer.asset using Guid(e634585d5c4544dd297acaee93dc2beb) Importer(815301076,1909f56bfc062723c751e8b465ee728b) [PhysX] Initialized MultithreadedTaskDispatcher with 16 workers.
 -> (artifact id: '34ec8d5fad3c56115f3720b451d5fe92') in 0.002285 seconds
Number of updated asset objects reloaded before import = 0
Number of asset objects unloaded after import = 2
========================================================================
Received Prepare
Begin MonoManager ReloadAssembly
- Loaded All Assemblies, in  0.569 seconds
Refreshing native plugins compatible for Editor in 5.06 ms, found 3 plugins.
Native extension for WindowsStandalone target not found
[Package Manager] Server::EnsureServerProcessIsRunning -- launch failed, reason: Unity was launched with the -noUpm command-line argument
[Package Manager] UpmClient::Send -- Unable to send message (not connected to UPM process).
[Package Manager] Cannot connect to Unity Package Manager local server
Mono: successfully reloaded assembly
- Finished resetting the current domain, in  1.103 seconds
Domain Reload Profiling: 1672ms
	BeginReloadAssembly (187ms)
		ExecutionOrderSort (0ms)
		DisableScriptedObjects (5ms)
		BackupInstance (0ms)
		ReleaseScriptingObjects (0ms)
		CreateAndSetChildDomain (37ms)
	RebuildCommonClasses (37ms)
	RebuildNativeTypeToScriptingClass (14ms)
	initialDomainReloadingComplete (31ms)
	LoadAllAssembliesAndSetupDomain (299ms)
		LoadAssemblies (391ms)
		RebuildTransferFunctionScriptingTraits (0ms)
		AnalyzeDomain (23ms)
			TypeCache.Refresh (6ms)
				TypeCache.ScanAssembly (0ms)
			ScanForSourceGeneratedMonoScriptInfo (0ms)
			ResolveRequiredComponents (14ms)
	FinalizeReload (1104ms)
		ReleaseScriptCaches (0ms)
		RebuildScriptCaches (0ms)
		SetupLoadedEditorAssemblies (728ms)
			LogAssemblyErrors (0ms)
			InitializePlatformSupportModulesInManaged (6ms)
			SetLoadedEditorAssemblies (5ms)
			RefreshPlugins (0ms)
			BeforeProcessingInitializeOnLoad (130ms)
			ProcessInitializeOnLoadAttributes (508ms)
			ProcessInitializeOnLoadMethodAttributes (75ms)
			AfterProcessingInitializeOnLoad (3ms)
			EditorAssembliesLoaded (0ms)
		ExecutionOrderSort2 (0ms)
		AwakeInstancesAfterBackupRestoration (8ms)
Failed to load shader (instanceID 11246, GUID 8516d7a69675844a7a0b7095af7c46af)
Failed to load shader (instanceID 11248, GUID c8b6a681c7b4e2e4785ffab093907f9e)
Failed to load shader (instanceID 11250, GUID 0f4122b9a743b744abe2fb6a0a88868b)
Failed to load shader (instanceID 11252, GUID d5a307c014552314b9f560906d708772)
Failed to load shader (instanceID 11254, GUID 0a7e590f3cf1d4ee8a8fab5b6eff09ef)
Failed to load shader (instanceID 11256, GUID 21322c8b137c66e49b86085d3c8161f6)
Failed to load shader (instanceID 11146, GUID d6dae50ee9e1bfa4db75f19f99355220)
Failed to load shader (instanceID 11258, GUID 573620ae32aec764abd4d728906d2587)
Failed to load shader (instanceID 11148, GUID 65df88701913c224d95fc554db28381a)
Failed to load shader (instanceID 11260, GUID 650dd9526735d5b46b79224bc6e94025)
Failed to load shader (instanceID 11262, GUID 2aed67ad60045d54ba3a00c91e2d2631)
Failed to load shader (instanceID 11264, GUID 74b1585886a85614aa34e2c8e303c77a)
Failed to load shader (instanceID 11266, GUID 1121bb4e615ca3c48b214e79e841e823)
Failed to load shader (instanceID 11150, GUID 04c410c9937594faa893a11dceb85f7e)
Failed to load shader (instanceID 11268, GUID a16365e8c873daa4c94919438490b905)
Failed to load shader (instanceID 11270, GUID e9155b26e1bc55942a41e518703fe304)
Failed to load shader (instanceID 11272, GUID 5caf62d8bd7c44596ace77ef9eb8ea31)
Failed to load shader (instanceID 11274, GUID f6783ab646d374f94b199774402a5144)
Failed to load shader (instanceID 11276, GUID 9c442dc870b456e48b615cd8add0e9ef)
Failed to load shader (instanceID 11278, GUID 77cfa04f893eb8745b6a454a3d51b43c)
Failed to load shader (instanceID 11280, GUID 8d2bb70cbf9db8d4da26e15b26e74248)
Failed to load shader (instanceID 11282, GUID 0d0f817524897904ba47a6a1d55e7668)
Failed to load shader (instanceID 11284, GUID e6e9a19c3678ded42a3bc431ebef7dbd)
Failed to load shader (instanceID 11286, GUID d104b2fc1ca6445babb8e90b0758136b)
Shader 'Universal Render Pipeline/Terrain/Lit': fallback shader 'Hidden/Universal Render Pipeline/FallbackError' not found
Shader 'Universal Render Pipeline/Terrain/Lit': dependency 'AddPassShader' shader 'Hidden/Universal Render Pipeline/Terrain/Lit (Add Pass)' not found
Shader 'Universal Render Pipeline/Terrain/Lit': dependency 'BaseMapShader' shader 'Hidden/Universal Render Pipeline/Terrain/Lit (Base Pass)' not found
Failed to load shader (instanceID 11288, GUID ee7e4c9a5f6364b688a332c67fc32cca)
Failed to load shader (instanceID 11290, GUID de02b375720b5c445afe83cd483bedf3)
Failed to load shader (instanceID 11292, GUID 93446b5c5339d4f00b85c159e1159b7c)
Failed to load shader (instanceID 11294, GUID 5fd9a8feb75a4b5894c241777f519d4e)
Failed to load shader (instanceID 11296, GUID da07703fcc09f8d4799221050659bd55)
Failed to load shader (instanceID 11298, GUID e8b802ac01d87144b91f12f40c1f2659)
Failed to load shader (instanceID 11300, GUID 2df96b66b5510f94b98df2ac6f926ef4)
Failed to load shader (instanceID 11302, GUID 61e53729ad706d049b12a441f328fe34)
Failed to load shader (instanceID 11304, GUID 36e335017ad71d54fbb10842863188ae)
Failed to load shader (instanceID 11306, GUID 29868e73b638e48ca99a19ea58c48d90)
Failed to load shader (instanceID 11308, GUID 6cda457ac28612740adb23da5d39ea92)
Failed to load shader (instanceID 11310, GUID ce09d4a80b88c5a4eb9768fab4f1ee00)
Failed to load shader (instanceID 11312, GUID 13c02b14c4d048fa9653293d54f6e0e1)
Failed to load shader (instanceID 11314, GUID 0ca6dca7396eb48e5849247ffd444914)
Shader 'Universal Render Pipeline/Particles/Lit': fallback shader 'Universal Render Pipeline/Particles/Simple Lit' not found
Failed to load shader (instanceID 11316, GUID cf852408f2e174538bcd9b7fda1c5ae7)
Failed to load shader (instanceID 11318, GUID f056d8bd2a1c7e44e9729144b4c70395)
Failed to load shader (instanceID 11320, GUID e260cfa7296ee7642b167f1eb5be5023)
Failed to load shader (instanceID 11322, GUID 0406db5a14f94604a8c57ccfbc9f3b46)
Failed to load shader (instanceID 11324, GUID 95e15a77195eb574ab82aaac18b1c796)
Failed to load shader (instanceID 11326, GUID 0849e84e3d62649e8882e9d6f056a017)
Failed to load shader (instanceID 11328, GUID 77774d9009bb81447b048c907d4c6273)
Shader 'Universal Render Pipeline/Nature/SpeedTree8': fallback shader 'Hidden/Universal Render Pipeline/FallbackError' not found
Failed to load shader (instanceID 11330, GUID 5ec81c81908db34429b4f6ddecadd3bd)
Failed to load shader (instanceID 11332, GUID 7f888aff2ac86494babad1c2c5daeee2)
Failed to load shader (instanceID 11334, GUID 63eaba0ebfb82cc43bde059b4a8c65f6)
Failed to load shader (instanceID 11336, GUID 60e10855641b4d84da68ec72e6f6eeb8)
Failed to load shader (instanceID 11144, GUID c17132b1f77d20942aa75f8429c0f8bc)
Failed to load shader (instanceID 11338, GUID c49e63ed1bbcb334780a3bd19dfed403)
Failed to load shader (instanceID 11340, GUID a89bee29cffa951418fc1e2da94d1959)
Failed to load shader (instanceID 11342, GUID 933532a4fcc9baf4fa0491de14d08ed7)
Failed to load shader (instanceID 11344, GUID e507fdfead5ca47e8b9a768b51c291a1)
Failed to load shader (instanceID 11346, GUID 7b3ede40266cd49a395def176e1bc486)
Failed to load shader (instanceID 11152, GUID 0f854b35a0cf61a429bd5dcfea30eddd)
Shader 'Universal Render Pipeline/Nature/SpeedTree8': fallback shader 'Hidden/Universal Render Pipeline/FallbackError' not found
Shader 'Universal Render Pipeline/Terrain/Lit': fallback shader 'Hidden/Universal Render Pipeline/FallbackError' not found
Shader 'Universal Render Pipeline/Terrain/Lit': dependency 'AddPassShader' shader 'Hidden/Universal Render Pipeline/Terrain/Lit (Add Pass)' not found
Shader 'Universal Render Pipeline/Terrain/Lit': dependency 'BaseMapShader' shader 'Hidden/Universal Render Pipeline/Terrain/Lit (Base Pass)' not found
Shader 'Universal Render Pipeline/Particles/Lit': fallback shader 'Universal Render Pipeline/Particles/Simple Lit' not found
Refreshing native plugins compatible for Editor in 4.49 ms, found 3 plugins.
Preloading 0 native plugins for Editor in 0.00 ms.
Unloading 1446 Unused Serialized files (Serialized files now loaded: 0)
Unloading 38 unused Assets / (1.7 MB). Loaded Objects now: 1902.
Memory consumption went from 102.3 MB to 100.6 MB.
Total: 3.762300 ms (FindLiveObjects: 0.206800 ms CreateObjectMapping: 0.048700 ms MarkObjects: 2.683700 ms  DeleteObjects: 0.822200 ms)

Prepare: number of updated asset objects reloaded= 0
AssetImportParameters requested are different than current active one (requested -> active):
  custom:container-demuxer-ogg: 62fdf1f143b41e24485cea50d1cbac27 -> 
  custom:video-decoder-ogg-theora: a1e56fd34408186e4bbccfd4996cb3dc -> 
  custom:framework-win-MediaFoundation: 216162199b28c13a410421893ffa2e32 -> 
  custom:CustomObjectIndexerAttribute: 72b91833f83ae208fae7752999fa3104 -> 
  custom:container-demuxer-webm: 4f35f7cbe854078d1ac9338744f61a02 -> 
  custom:container-muxer-webm: aa71ff27fc2769a1b78a27578f13a17b -> 
  custom:video-decoder-webm-vp8: 9c59270c3fd7afecdb556c50c9e8de78 -> 
  custom:SearchIndexIgnoredProperties: e643bd26f0fe6173181afceb89e7c659 -> 
  custom:AudioImporter_EditorPlatform: d09bf68614088b80899f8185d706f6e7 -> 
  custom:video-encoder-webm-vp8: eb34c28f22e8b96e1ab97ce403110664 -> 
  custom:audio-decoder-ogg-vorbis: bf7c407c2cedff20999df2af8eb42d56 -> 
  custom:audio-encoder-webm-vorbis: bf7c407c2cedff20999df2af8eb42d56 -> 
